// Jest Snapshot v1, https://goo.gl/fbAQLP

exports[`RootLayout Component renders without crashing 1`] = `null`;
